#-----------------------------------------------------------
# Vivado v2023.2 (64-bit)
# SW Build 4029153 on Fri Oct 13 20:14:34 MDT 2023
# IP Build 4028589 on Sat Oct 14 00:45:43 MDT 2023
# SharedData Build 4025554 on Tue Oct 10 17:18:54 MDT 2023
# Start of session at: Sun Mar  3 21:21:56 2024
# Process ID: 31544
# Current directory: D:/Documents/xilinx/CPU-ALU-stuff
# Command line: vivado.exe -gui_launcher_event rodinguilauncherevent10860 D:\Documents\xilinx\CPU-ALU-stuff\CPU-ALU-stuff.xpr
# Log file: D:/Documents/xilinx/CPU-ALU-stuff/vivado.log
# Journal file: D:/Documents/xilinx/CPU-ALU-stuff\vivado.jou
# Running On: DESKTOP-SMT4I8Q, OS: Windows, CPU Frequency: 3500 MHz, CPU Physical cores: 12, Host memory: 17090 MB
#-----------------------------------------------------------
start_gui
open_project D:/Documents/xilinx/CPU-ALU-stuff/CPU-ALU-stuff.xpr
launch_simulation
synth_design -top Datapath -part xc7k70tfbv676-3 -lint 
launch_simulation
export_ip_user_files -of_objects  [get_files D:/Documents/xilinx/CPU-ALU-stuff/decoder.vhd] -no_script -reset -force -quiet
remove_files  D:/Documents/xilinx/CPU-ALU-stuff/decoder.vhd
add_files -norecurse D:/Documents/xilinx/CPU-ALU-stuff/decoder.vhd
launch_simulation
launch_simulation
set_property source_mgmt_mode All [current_project]
update_compile_order -fileset sim_1
update_compile_order -fileset sources_1
launch_simulation
source Datapath_tb.tcl
restart
run 100 ns
restart
run 100 ns
close_sim
launch_simulation
source Datapath_tb.tcl
restart
run 100 ns
close_sim
launch_simulation
launch_simulation
source Datapath_tb.tcl
restart
run 100 ns
close_sim
launch_simulation
source Datapath_tb.tcl
restart
run 100 ns
run 100 ns
run 100 ns
run 100 ns
run 100 ns
run 100 ns
run 100 ns
run 100 ns
restart
run 100 ns
close_sim
launch_simulation
source Datapath_tb.tcl
restart
run 100 ns
close_sim
launch_simulation
source Datapath_tb.tcl
close_sim
launch_simulation
source Datapath_tb.tcl
restart
run 100 ns
close_sim
launch_simulation
source Datapath_tb.tcl
restart
run 100 ns
close_sim
launch_simulation
launch_simulation
source Datapath_tb.tcl
restart
run 100 ns
run 100 ns
restart
run 100 ns
run 100 ns
close_sim
launch_simulation
source Datapath_tb.tcl
restart
run 100 ns
run 100 ns
restart
run 100 ns
run 100 ns
close_sim
launch_simulation
source Datapath_tb.tcl
restart
run 100 ns
run 100 ns
restart
run 100 ns
run 100 ns
close_sim
launch_simulation
source Datapath_tb.tcl
restart
run 100 ns
run 100 ns
restart
run 100 ns
run 100 ns
restart
run 100 ns
run 100 ns
add_bp {D:/Documents/xilinx/CPU-ALU-stuff/CPU-ALU-stuff.srcs/sources_1/new/shiftunit.vhd} 49
restart
run 100 ns
run 100 ns
step
run 1 ns
run 1 ns
run 1 ns
run 1 ns
run 1 ns
run 1 ns
run 1 ns
run 1 ns
run 1 ns
run 1 ns
run 1 ns
run 100 ns
remove_bps -file {D:/Documents/xilinx/CPU-ALU-stuff/CPU-ALU-stuff.srcs/sources_1/new/shiftunit.vhd} -line 49
close_sim
launch_simulation
source Datapath_tb.tcl
restart
run 100 ns
run 100 ns
close_sim
launch_simulation
source Datapath_tb.tcl
restart
run 100 ns
run 100 ns
close_sim
launch_simulation
source Datapath_tb.tcl
restart
run 100 ns
run 100 ns
restart
run 100 ns
run 100 ns
close_sim
